../Core/Src/main.c:76:5:main	16	static
../Core/Src/main.c:207:6:SystemClock_Config	96	static
../Core/Src/main.c:257:13:MX_ADC1_Init	48	static
../Core/Src/main.c:333:13:MX_TIM2_Init	64	static
../Core/Src/main.c:396:13:MX_USART2_UART_Init	8	static
../Core/Src/main.c:431:13:MX_USART3_UART_Init	8	static
../Core/Src/main.c:466:13:MX_GPIO_Init	48	static
../Core/Src/main.c:499:13:analogPad_process	4	static
../Core/Src/main.c:523:6:HAL_UART_RxCpltCallback	16	static
../Core/Src/main.c:543:6:Error_Handler	4	static,ignoring_inline_asm
